\BOOKMARK [1][-]{section*.1}{Statement\040of\040Authorship\040and\040AI\040Assistance}{}% 1
\BOOKMARK [1][-]{section*.3}{Research\040Methodology}{}% 2
\BOOKMARK [-1][-]{part.1}{Part\040I\040Classical\040Dynamical\040Systems}{}% 3
\BOOKMARK [0][-]{chapter.1}{The\040Lorenz\040Strange\040Attractor\040Model}{part.1}% 4
\BOOKMARK [1][-]{section.1.1}{Domain}{chapter.1}% 5
\BOOKMARK [1][-]{section.1.2}{System\040Model}{chapter.1}% 6
\BOOKMARK [1][-]{section.1.3}{Description}{chapter.1}% 7
\BOOKMARK [1][-]{section.1.4}{Set\040of\040Equations}{chapter.1}% 8
\BOOKMARK [1][-]{section.1.5}{Explanation\040of\040Terms}{chapter.1}% 9
\BOOKMARK [1][-]{section.1.6}{Note\040on\040the\040Problem}{chapter.1}% 10
\BOOKMARK [1][-]{section.1.7}{config.py\040Values}{chapter.1}% 11
\BOOKMARK [1][-]{section.1.8}{input_data.csv\040Values}{chapter.1}% 12
\BOOKMARK [1][-]{section.1.9}{Initial\040State\040Vector}{chapter.1}% 13
\BOOKMARK [1][-]{section.1.10}{Final\040State\040Vector}{chapter.1}% 14
\BOOKMARK [1][-]{section.1.11}{3D\040Phase\040Plot}{chapter.1}% 15
\BOOKMARK [1][-]{section.1.12}{2D\040Evolution\040Plot}{chapter.1}% 16
\BOOKMARK [1][-]{section.1.13}{Analysis\040of\040the\040Output}{chapter.1}% 17
\BOOKMARK [1][-]{section.1.14}{Conclusion}{chapter.1}% 18
\BOOKMARK [0][-]{chapter.2}{The\040Lotka-Volterra\040Predator-Prey\040Model}{part.1}% 19
\BOOKMARK [1][-]{section.2.1}{Domain}{chapter.2}% 20
\BOOKMARK [1][-]{section.2.2}{System\040Model}{chapter.2}% 21
\BOOKMARK [1][-]{section.2.3}{Description}{chapter.2}% 22
\BOOKMARK [1][-]{section.2.4}{Set\040of\040Equations}{chapter.2}% 23
\BOOKMARK [1][-]{section.2.5}{Explanation\040of\040Terms}{chapter.2}% 24
\BOOKMARK [1][-]{section.2.6}{Note\040on\040the\040Problem}{chapter.2}% 25
\BOOKMARK [1][-]{section.2.7}{config.py\040Values}{chapter.2}% 26
\BOOKMARK [1][-]{section.2.8}{input_data.csv\040Values}{chapter.2}% 27
\BOOKMARK [1][-]{section.2.9}{Initial\040State\040Vector}{chapter.2}% 28
\BOOKMARK [1][-]{section.2.10}{Final\040State\040Vector}{chapter.2}% 29
\BOOKMARK [1][-]{section.2.11}{3D\040Phase\040Plot}{chapter.2}% 30
\BOOKMARK [1][-]{section.2.12}{2D\040Evolution\040Plot}{chapter.2}% 31
\BOOKMARK [1][-]{section.2.13}{Analysis\040of\040the\040Output}{chapter.2}% 32
\BOOKMARK [1][-]{section.2.14}{Conclusion}{chapter.2}% 33
\BOOKMARK [0][-]{chapter.3}{The\040Rossler\040Attractor}{part.1}% 34
\BOOKMARK [1][-]{section.3.1}{Domain}{chapter.3}% 35
\BOOKMARK [1][-]{section.3.2}{System\040Model}{chapter.3}% 36
\BOOKMARK [1][-]{section.3.3}{Description}{chapter.3}% 37
\BOOKMARK [1][-]{section.3.4}{Set\040of\040Equations}{chapter.3}% 38
\BOOKMARK [1][-]{section.3.5}{Explanation\040of\040Terms}{chapter.3}% 39
\BOOKMARK [1][-]{section.3.6}{Note\040on\040the\040Problem}{chapter.3}% 40
\BOOKMARK [1][-]{section.3.7}{config.py\040Values}{chapter.3}% 41
\BOOKMARK [1][-]{section.3.8}{input_data.csv\040Values}{chapter.3}% 42
\BOOKMARK [1][-]{section.3.9}{Initial\040State\040Vector}{chapter.3}% 43
\BOOKMARK [1][-]{section.3.10}{Final\040State\040Vector}{chapter.3}% 44
\BOOKMARK [1][-]{section.3.11}{3D\040Phase\040Plot}{chapter.3}% 45
\BOOKMARK [1][-]{section.3.12}{2D\040Evolution\040Plot}{chapter.3}% 46
\BOOKMARK [1][-]{section.3.13}{Analysis\040of\040the\040Output}{chapter.3}% 47
\BOOKMARK [1][-]{section.3.14}{Conclusion}{chapter.3}% 48
\BOOKMARK [-1][-]{part.2}{Part\040II\040Navier\040Stokes\040System\040based\040NCAR-WRF\040Weather\040Forecast\040Model}{}% 49
\BOOKMARK [0][-]{chapter.4}{The\040Navier-Stokes\0402D\040Fluid\040Flow\040Model}{part.2}% 50
\BOOKMARK [1][-]{section.4.1}{Domain}{chapter.4}% 51
\BOOKMARK [1][-]{section.4.2}{System\040Model}{chapter.4}% 52
\BOOKMARK [1][-]{section.4.3}{Description}{chapter.4}% 53
\BOOKMARK [1][-]{section.4.4}{Set\040of\040Equations}{chapter.4}% 54
\BOOKMARK [1][-]{section.4.5}{Explanation\040of\040Terms}{chapter.4}% 55
\BOOKMARK [1][-]{section.4.6}{Note\040on\040the\040Problem}{chapter.4}% 56
\BOOKMARK [1][-]{section.4.7}{config.py\040Values}{chapter.4}% 57
\BOOKMARK [1][-]{section.4.8}{input_data.csv\040Values}{chapter.4}% 58
\BOOKMARK [1][-]{section.4.9}{Initial\040State\040Vector}{chapter.4}% 59
\BOOKMARK [1][-]{section.4.10}{Final\040State\040Vector}{chapter.4}% 60
\BOOKMARK [1][-]{section.4.11}{3D\040Phase\040Plot}{chapter.4}% 61
\BOOKMARK [1][-]{section.4.12}{2D\040Evolution\040Plot}{chapter.4}% 62
\BOOKMARK [1][-]{section.4.13}{Analysis\040of\040the\040Output}{chapter.4}% 63
\BOOKMARK [1][-]{section.4.14}{Conclusion}{chapter.4}% 64
\BOOKMARK [-1][-]{part.3}{Part\040III\040Celestial\040Mechanics}{}% 65
\BOOKMARK [0][-]{chapter.5}{The\040Newtonian\040General\040Three-Body\040Problem}{part.3}% 66
\BOOKMARK [1][-]{section.5.1}{Domain}{chapter.5}% 67
\BOOKMARK [1][-]{section.5.2}{System\040Model}{chapter.5}% 68
\BOOKMARK [1][-]{section.5.3}{Description}{chapter.5}% 69
\BOOKMARK [1][-]{section.5.4}{Set\040of\040Equations}{chapter.5}% 70
\BOOKMARK [1][-]{section.5.5}{Explanation\040of\040Terms}{chapter.5}% 71
\BOOKMARK [1][-]{section.5.6}{Note\040on\040the\040Problem}{chapter.5}% 72
\BOOKMARK [1][-]{section.5.7}{config.py\040Values}{chapter.5}% 73
\BOOKMARK [1][-]{section.5.8}{input_data.csv\040Values}{chapter.5}% 74
\BOOKMARK [1][-]{section.5.9}{Initial\040State\040Vector}{chapter.5}% 75
\BOOKMARK [1][-]{section.5.10}{Final\040State\040Vector}{chapter.5}% 76
\BOOKMARK [1][-]{section.5.11}{3D\040Phase\040Plot}{chapter.5}% 77
\BOOKMARK [1][-]{section.5.12}{2D\040Evolution\040Plot}{chapter.5}% 78
\BOOKMARK [1][-]{section.5.13}{Analysis\040of\040the\040Output}{chapter.5}% 79
\BOOKMARK [1][-]{section.5.14}{Conclusion}{chapter.5}% 80
\BOOKMARK [0][-]{chapter.6}{The\040Post-Newtonian\040Three-Body\040Problem}{part.3}% 81
\BOOKMARK [1][-]{section.6.1}{Domain}{chapter.6}% 82
\BOOKMARK [1][-]{section.6.2}{System\040Model}{chapter.6}% 83
\BOOKMARK [1][-]{section.6.3}{Description}{chapter.6}% 84
\BOOKMARK [1][-]{section.6.4}{Set\040of\040Equations}{chapter.6}% 85
\BOOKMARK [1][-]{section.6.5}{Explanation\040of\040Terms}{chapter.6}% 86
\BOOKMARK [1][-]{section.6.6}{Note\040on\040the\040Problem}{chapter.6}% 87
\BOOKMARK [1][-]{section.6.7}{config.py\040Values}{chapter.6}% 88
\BOOKMARK [1][-]{section.6.8}{input_data.csv\040Values}{chapter.6}% 89
\BOOKMARK [1][-]{section.6.9}{Initial\040State\040Vector}{chapter.6}% 90
\BOOKMARK [1][-]{section.6.10}{Final\040State\040Vector}{chapter.6}% 91
\BOOKMARK [1][-]{section.6.11}{3D\040Phase\040Plot}{chapter.6}% 92
\BOOKMARK [1][-]{section.6.12}{2D\040Evolution\040Plot}{chapter.6}% 93
\BOOKMARK [1][-]{section.6.13}{Analysis\040of\040the\040Output}{chapter.6}% 94
\BOOKMARK [1][-]{section.6.14}{Conclusion}{chapter.6}% 95
\BOOKMARK [-1][-]{part.4}{Part\040IV\040Epidemology}{}% 96
\BOOKMARK [0][-]{chapter.7}{The\040SIR\040Compartmental\040Epidemic\040Model}{part.4}% 97
\BOOKMARK [1][-]{section.7.1}{Domain}{chapter.7}% 98
\BOOKMARK [1][-]{section.7.2}{System\040Model}{chapter.7}% 99
\BOOKMARK [1][-]{section.7.3}{Description}{chapter.7}% 100
\BOOKMARK [1][-]{section.7.4}{Set\040of\040Equations}{chapter.7}% 101
\BOOKMARK [1][-]{section.7.5}{Explanation\040of\040Terms}{chapter.7}% 102
\BOOKMARK [1][-]{section.7.6}{Note\040on\040the\040Problem}{chapter.7}% 103
\BOOKMARK [1][-]{section.7.7}{config.py\040Values}{chapter.7}% 104
\BOOKMARK [1][-]{section.7.8}{input_data.csv\040Values}{chapter.7}% 105
\BOOKMARK [1][-]{section.7.9}{Initial\040State\040Vector}{chapter.7}% 106
\BOOKMARK [1][-]{section.7.10}{Final\040State\040Vector}{chapter.7}% 107
\BOOKMARK [1][-]{section.7.11}{3D\040Phase\040Plot}{chapter.7}% 108
\BOOKMARK [1][-]{section.7.12}{2D\040Evolution\040Plot}{chapter.7}% 109
\BOOKMARK [1][-]{section.7.13}{Analysis\040of\040the\040Output}{chapter.7}% 110
\BOOKMARK [1][-]{section.7.14}{Conclusion}{chapter.7}% 111
\BOOKMARK [-1][-]{part.5}{Part\040V\040Non-Linear\040Oscillators}{}% 112
\BOOKMARK [0][-]{chapter.8}{The\040Van\040der\040Pol\040Oscillator}{part.5}% 113
\BOOKMARK [1][-]{section.8.1}{Domain}{chapter.8}% 114
\BOOKMARK [1][-]{section.8.2}{System\040Model}{chapter.8}% 115
\BOOKMARK [1][-]{section.8.3}{Description}{chapter.8}% 116
\BOOKMARK [1][-]{section.8.4}{Set\040of\040Equations}{chapter.8}% 117
\BOOKMARK [1][-]{section.8.5}{Explanation\040of\040Terms}{chapter.8}% 118
\BOOKMARK [1][-]{section.8.6}{Note\040on\040the\040Problem}{chapter.8}% 119
\BOOKMARK [1][-]{section.8.7}{config.py\040Values}{chapter.8}% 120
\BOOKMARK [1][-]{section.8.8}{input_data.csv\040Values}{chapter.8}% 121
\BOOKMARK [1][-]{section.8.9}{Initial\040State\040Vector}{chapter.8}% 122
\BOOKMARK [1][-]{section.8.10}{Final\040State\040Vector}{chapter.8}% 123
\BOOKMARK [1][-]{section.8.11}{3D\040Phase\040Plot}{chapter.8}% 124
\BOOKMARK [1][-]{section.8.12}{2D\040Evolution\040Plot}{chapter.8}% 125
\BOOKMARK [1][-]{section.8.13}{Analysis\040of\040the\040Output}{chapter.8}% 126
\BOOKMARK [1][-]{section.8.14}{Conclusion}{chapter.8}% 127
\BOOKMARK [0][-]{chapter.9}{The\040Duffing\040Oscillator}{part.5}% 128
\BOOKMARK [1][-]{section.9.1}{Domain}{chapter.9}% 129
\BOOKMARK [1][-]{section.9.2}{System\040Model}{chapter.9}% 130
\BOOKMARK [1][-]{section.9.3}{Description}{chapter.9}% 131
\BOOKMARK [1][-]{section.9.4}{Set\040of\040Equations}{chapter.9}% 132
\BOOKMARK [1][-]{section.9.5}{Explanation\040of\040Terms}{chapter.9}% 133
\BOOKMARK [1][-]{section.9.6}{Note\040on\040the\040Problem}{chapter.9}% 134
\BOOKMARK [1][-]{section.9.7}{config.py\040Values}{chapter.9}% 135
\BOOKMARK [1][-]{section.9.8}{input_data.csv\040Values}{chapter.9}% 136
\BOOKMARK [1][-]{section.9.9}{Initial\040State\040Vector}{chapter.9}% 137
\BOOKMARK [1][-]{section.9.10}{Final\040State\040Vector}{chapter.9}% 138
\BOOKMARK [1][-]{section.9.11}{3D\040Phase\040Plot}{chapter.9}% 139
\BOOKMARK [1][-]{section.9.12}{2D\040Evolution\040Plot}{chapter.9}% 140
\BOOKMARK [1][-]{section.9.13}{Analysis\040of\040the\040Output}{chapter.9}% 141
\BOOKMARK [1][-]{section.9.14}{Conclusion}{chapter.9}% 142
\BOOKMARK [-1][-]{part.6}{Part\040VI\040Chemical\040Kinetics}{}% 143
\BOOKMARK [0][-]{chapter.10}{The\040Oregonator\040Chemical\040Oscillator}{part.6}% 144
\BOOKMARK [1][-]{section.10.1}{Domain}{chapter.10}% 145
\BOOKMARK [1][-]{section.10.2}{System\040Model}{chapter.10}% 146
\BOOKMARK [1][-]{section.10.3}{Description}{chapter.10}% 147
\BOOKMARK [1][-]{section.10.4}{Set\040of\040Equations}{chapter.10}% 148
\BOOKMARK [1][-]{section.10.5}{Explanation\040of\040Terms}{chapter.10}% 149
\BOOKMARK [1][-]{section.10.6}{Note\040on\040the\040Problem}{chapter.10}% 150
\BOOKMARK [1][-]{section.10.7}{config.py\040Values}{chapter.10}% 151
\BOOKMARK [1][-]{section.10.8}{input_data.csv\040Values}{chapter.10}% 152
\BOOKMARK [1][-]{section.10.9}{Initial\040State\040Vector}{chapter.10}% 153
\BOOKMARK [1][-]{section.10.10}{Final\040State\040Vector}{chapter.10}% 154
\BOOKMARK [1][-]{section.10.11}{3D\040Phase\040Plot}{chapter.10}% 155
\BOOKMARK [1][-]{section.10.12}{2D\040Evolution\040Plot}{chapter.10}% 156
\BOOKMARK [1][-]{section.10.13}{Analysis\040of\040the\040Output}{chapter.10}% 157
\BOOKMARK [1][-]{section.10.14}{Conclusion}{chapter.10}% 158
\BOOKMARK [0][-]{chapter.11}{The\040Brusselator\040Oscillator}{part.6}% 159
\BOOKMARK [1][-]{section.11.1}{Domain}{chapter.11}% 160
\BOOKMARK [1][-]{section.11.2}{System\040Model}{chapter.11}% 161
\BOOKMARK [1][-]{section.11.3}{Description}{chapter.11}% 162
\BOOKMARK [1][-]{section.11.4}{Set\040of\040Equations}{chapter.11}% 163
\BOOKMARK [1][-]{section.11.5}{Explanation\040of\040Terms}{chapter.11}% 164
\BOOKMARK [1][-]{section.11.6}{Note\040on\040the\040Problem}{chapter.11}% 165
\BOOKMARK [1][-]{section.11.7}{config.py\040Values}{chapter.11}% 166
\BOOKMARK [1][-]{section.11.8}{input_data.csv\040Values}{chapter.11}% 167
\BOOKMARK [1][-]{section.11.9}{Initial\040State\040Vector}{chapter.11}% 168
\BOOKMARK [1][-]{section.11.10}{Final\040State\040Vector}{chapter.11}% 169
\BOOKMARK [1][-]{section.11.11}{3D\040Phase\040Plot}{chapter.11}% 170
\BOOKMARK [1][-]{section.11.12}{2D\040Evolution\040Plot}{chapter.11}% 171
\BOOKMARK [1][-]{section.11.13}{Analysis\040of\040the\040Output}{chapter.11}% 172
\BOOKMARK [1][-]{section.11.14}{Conclusion}{chapter.11}% 173
\BOOKMARK [-1][-]{part.7}{Part\040VII\040Cosmology}{}% 174
\BOOKMARK [0][-]{chapter.12}{The\040FLRW\040Cosmology\040Universe\040Model}{part.7}% 175
\BOOKMARK [1][-]{section.12.1}{Domain}{chapter.12}% 176
\BOOKMARK [1][-]{section.12.2}{System\040Model}{chapter.12}% 177
\BOOKMARK [1][-]{section.12.3}{Description}{chapter.12}% 178
\BOOKMARK [1][-]{section.12.4}{Set\040of\040Equations}{chapter.12}% 179
\BOOKMARK [1][-]{section.12.5}{Explanation\040of\040Terms}{chapter.12}% 180
\BOOKMARK [1][-]{section.12.6}{Note\040on\040the\040Problem}{chapter.12}% 181
\BOOKMARK [1][-]{section.12.7}{config.py\040Values}{chapter.12}% 182
\BOOKMARK [1][-]{section.12.8}{input_data.csv\040Values}{chapter.12}% 183
\BOOKMARK [1][-]{section.12.9}{Initial\040State\040Vector}{chapter.12}% 184
\BOOKMARK [1][-]{section.12.10}{Final\040State\040Vector}{chapter.12}% 185
\BOOKMARK [1][-]{section.12.11}{3D\040Phase\040Plot}{chapter.12}% 186
\BOOKMARK [1][-]{section.12.12}{2D\040Evolution\040Plot}{chapter.12}% 187
\BOOKMARK [1][-]{section.12.13}{Analysis\040of\040the\040Output}{chapter.12}% 188
\BOOKMARK [1][-]{section.12.14}{Conclusion}{chapter.12}% 189
\BOOKMARK [-1][-]{part.8}{Part\040VIII\040General\040Relativity}{}% 190
\BOOKMARK [0][-]{chapter.13}{The\040Schwarzschild\040Orbit\040Model}{part.8}% 191
\BOOKMARK [1][-]{section.13.1}{Domain}{chapter.13}% 192
\BOOKMARK [1][-]{section.13.2}{System\040Model}{chapter.13}% 193
\BOOKMARK [1][-]{section.13.3}{Description}{chapter.13}% 194
\BOOKMARK [1][-]{section.13.4}{Set\040of\040Equations}{chapter.13}% 195
\BOOKMARK [1][-]{section.13.5}{Explanation\040of\040Terms}{chapter.13}% 196
\BOOKMARK [1][-]{section.13.6}{Note\040on\040the\040Problem}{chapter.13}% 197
\BOOKMARK [1][-]{section.13.7}{config.py\040Values}{chapter.13}% 198
\BOOKMARK [1][-]{section.13.8}{input_data.csv\040Values}{chapter.13}% 199
\BOOKMARK [1][-]{section.13.9}{Initial\040State\040Vector}{chapter.13}% 200
\BOOKMARK [1][-]{section.13.10}{Final\040State\040Vector}{chapter.13}% 201
\BOOKMARK [1][-]{section.13.11}{3D\040Phase\040Plot}{chapter.13}% 202
\BOOKMARK [1][-]{section.13.12}{2D\040Evolution\040Plot}{chapter.13}% 203
\BOOKMARK [1][-]{section.13.13}{Analysis\040of\040the\040Output}{chapter.13}% 204
\BOOKMARK [1][-]{section.13.14}{Conclusion}{chapter.13}% 205
\BOOKMARK [0][-]{chapter.14}{The\040Regge-Wheeler\040Black\040Hole\040Spacetime\040Curvature\040Model}{part.8}% 206
\BOOKMARK [1][-]{section.14.1}{Domain}{chapter.14}% 207
\BOOKMARK [1][-]{section.14.2}{System\040Model}{chapter.14}% 208
\BOOKMARK [1][-]{section.14.3}{Description}{chapter.14}% 209
\BOOKMARK [1][-]{section.14.4}{Set\040of\040Equations}{chapter.14}% 210
\BOOKMARK [1][-]{section.14.5}{Explanation\040of\040Terms}{chapter.14}% 211
\BOOKMARK [1][-]{section.14.6}{Note\040on\040the\040Problem}{chapter.14}% 212
\BOOKMARK [1][-]{section.14.7}{config.py\040Values}{chapter.14}% 213
\BOOKMARK [1][-]{section.14.8}{input_data.csv\040Values}{chapter.14}% 214
\BOOKMARK [1][-]{section.14.9}{Initial\040State\040Vector}{chapter.14}% 215
\BOOKMARK [1][-]{section.14.10}{Final\040State\040Vector}{chapter.14}% 216
\BOOKMARK [1][-]{section.14.11}{3D\040Phase\040Plot}{chapter.14}% 217
\BOOKMARK [1][-]{section.14.12}{2D\040Evolution\040Plot}{chapter.14}% 218
\BOOKMARK [1][-]{section.14.13}{Analysis\040of\040the\040Output}{chapter.14}% 219
\BOOKMARK [1][-]{section.14.14}{Conclusion}{chapter.14}% 220
\BOOKMARK [-1][-]{part.9}{Part\040IX\040Quantum\040Mechanics}{}% 221
\BOOKMARK [0][-]{chapter.15}{The\040Time-Dependent\040Schrodinger\040Wave\040Model}{part.9}% 222
\BOOKMARK [1][-]{section.15.1}{Domain}{chapter.15}% 223
\BOOKMARK [1][-]{section.15.2}{System\040Model}{chapter.15}% 224
\BOOKMARK [1][-]{section.15.3}{Description}{chapter.15}% 225
\BOOKMARK [1][-]{section.15.4}{Set\040of\040Equations}{chapter.15}% 226
\BOOKMARK [1][-]{section.15.5}{Explanation\040of\040Terms}{chapter.15}% 227
\BOOKMARK [1][-]{section.15.6}{Note\040on\040the\040Problem}{chapter.15}% 228
\BOOKMARK [1][-]{section.15.7}{config.py\040Values}{chapter.15}% 229
\BOOKMARK [1][-]{section.15.8}{input_data.csv\040Values}{chapter.15}% 230
\BOOKMARK [1][-]{section.15.9}{Initial\040State\040Vector}{chapter.15}% 231
\BOOKMARK [1][-]{section.15.10}{Final\040State\040Vector}{chapter.15}% 232
\BOOKMARK [1][-]{section.15.11}{3D\040Phase\040Plot}{chapter.15}% 233
\BOOKMARK [1][-]{section.15.12}{2D\040Evolution\040Plot}{chapter.15}% 234
\BOOKMARK [1][-]{section.15.13}{Analysis\040of\040the\040Output}{chapter.15}% 235
\BOOKMARK [1][-]{section.15.14}{Conclusion}{chapter.15}% 236
\BOOKMARK [0][-]{chapter.16}{The\040Gross-Pitaevskii\040Model\)}{part.9}% 237
\BOOKMARK [1][-]{section.16.1}{Domain}{chapter.16}% 238
\BOOKMARK [1][-]{section.16.2}{System\040Model}{chapter.16}% 239
\BOOKMARK [1][-]{section.16.3}{Description}{chapter.16}% 240
\BOOKMARK [1][-]{section.16.4}{Set\040of\040Equations}{chapter.16}% 241
\BOOKMARK [1][-]{section.16.5}{Explanation\040of\040Terms}{chapter.16}% 242
\BOOKMARK [1][-]{section.16.6}{Note\040on\040the\040Problem}{chapter.16}% 243
\BOOKMARK [1][-]{section.16.7}{config.py\040Values}{chapter.16}% 244
\BOOKMARK [1][-]{section.16.8}{input_data.csv\040Values}{chapter.16}% 245
\BOOKMARK [1][-]{section.16.9}{Initial\040State\040Vector}{chapter.16}% 246
\BOOKMARK [1][-]{section.16.10}{Final\040State\040Vector}{chapter.16}% 247
\BOOKMARK [1][-]{section.16.11}{3D\040Phase\040Plot}{chapter.16}% 248
\BOOKMARK [1][-]{section.16.12}{2D\040Evolution\040Plot}{chapter.16}% 249
\BOOKMARK [1][-]{section.16.13}{Analysis\040of\040the\040Output}{chapter.16}% 250
\BOOKMARK [1][-]{section.16.14}{Conclusion}{chapter.16}% 251
\BOOKMARK [-1][-]{part.10}{Part\040X\040Unification\040of\040General\040Relativity,\040Classical\040Systems\040and\040Quantum\040Mechanics\040-\040An\040Approach\040to\040developing\040the\040Theory\040of\040Everything\040/\040Grand\040Unified\040Theory}{}% 252
\BOOKMARK [0][-]{chapter.17}{An\040Approach\040towards\040Grand\040Unification\040Theory\040\(GUT\)\040/\040Theory\040of\040Everything\040\(TOE\)}{part.10}% 253
\BOOKMARK [1][-]{section.17.1}{Domain}{chapter.17}% 254
\BOOKMARK [1][-]{section.17.2}{System\040Model}{chapter.17}% 255
\BOOKMARK [1][-]{section.17.3}{Description}{chapter.17}% 256
\BOOKMARK [1][-]{section.17.4}{Set\040of\040Equations}{chapter.17}% 257
\BOOKMARK [1][-]{section.17.5}{Explanation\040of\040Terms}{chapter.17}% 258
\BOOKMARK [1][-]{section.17.6}{Note\040on\040the\040Problem}{chapter.17}% 259
\BOOKMARK [1][-]{section.17.7}{config.py\040Values}{chapter.17}% 260
\BOOKMARK [1][-]{section.17.8}{input_data.csv\040Values}{chapter.17}% 261
\BOOKMARK [1][-]{section.17.9}{Initial\040State\040Vector}{chapter.17}% 262
\BOOKMARK [1][-]{section.17.10}{Final\040State\040Vector}{chapter.17}% 263
\BOOKMARK [1][-]{section.17.11}{3D\040Phase\040Plot}{chapter.17}% 264
\BOOKMARK [1][-]{section.17.12}{2D\040Evolution\040Plot}{chapter.17}% 265
\BOOKMARK [1][-]{section.17.13}{Analysis\040of\040the\040Output}{chapter.17}% 266
\BOOKMARK [1][-]{section.17.14}{Conclusion}{chapter.17}% 267
